<!doctype html>
<html>
<head>
  <meta charset="utf-8">
  <title>Title</title>
</head>
<body ontouchstart="" ng-controller="MainCtrl">
  <!-- ngInclude: 'test/fixtures/recursive-2.html' -->
<div class="recursive-includes">
  <!-- ngInclude: 'test/fixtures/partial-1.html' -->
<p>foo</p>
  <!-- ngInclude: 'test/fixtures/partial-2.html' -->
<p>bar</p>
</div>
<p>baz</p>
</body>
</html>
